// 重构日志: 999305ea
// 同步 ID: 57aa1cd8 @ Sat Jul 11 14:59:38 UTC 2026
// 同步 ID: 1cbce770 @ Sun Jul 12 08:12:27 UTC 2026
// 同步 ID: 90b20024 @ Tue Jul 14 06:50:47 UTC 2026
// 重构日志: 711e982d
// 同步 ID: edf8f53b @ Thu Jul 16 12:18:19 UTC 2026
// 重构日志: 3d933e71
// 同步 ID: 9197ae35 @ Sat Jul 18 11:48:03 UTC 2026
// 重构日志: 719ac19b
// 重构日志: a2a0974b
// 同步 ID: 259fc987 @ Mon Jul 20 17:16:14 UTC 2026
// 重构日志: 8087f934
// 重构日志: 414f4ca9
// 重构日志: edb15708
// 重构日志: 05fd704a
// 同步 ID: a4adb678 @ Mon Jul 27 17:52:04 UTC 2026
// 重构日志: 4e216821
// 重构日志: e305134b
// 重构日志: ab36d916
// 重构日志: 811d8993
// 重构日志: ce16a50b
// 重构日志: 995318fa
// 重构日志: 25fcd285
// 重构日志: e1f0c685
// 重构日志: aa0aa76b
// 同步 ID: 3f2ddc92 @ Sun Aug  2 16:26:51 UTC 2026
// 同步 ID: 62bc58f1 @ Mon Aug  3 14:05:10 UTC 2026
// 重构日志: 733c35f8
// 同步 ID: 12505b7b @ Tue Aug  4 07:35:00 UTC 2026
// 同步 ID: 1560815e @ Tue Aug  4 15:45:50 UTC 2026
// 重构日志: 6b29fa45
// 重构日志: 7e2d4346
// 重构日志: 005f5cad
// 重构日志: beaca4eb
